# Path: udp-client.native
# Arch: x86_64
# Object files:
[  0] linker synthesized
[  1] udp-client.o
[  2] contiki-ng-native.a(platform.o)
[  3] contiki-ng-native.a(clock.o)
[  4] contiki-ng-native.a(buttons.o)
[  5] contiki-ng-native.a(tun6-net.o)
[  6] contiki-ng-native.a(rtimer-arch.o)
[  7] contiki-ng-native.a(watchdog.o)
[  8] contiki-ng-native.a(int-master.o)
[  9] contiki-ng-native.a(gpio-hal-arch.o)
[ 10] contiki-ng-native.a(contiki-main.o)
[ 11] contiki-ng-native.a(autostart.o)
[ 12] contiki-ng-native.a(ctimer.o)
[ 13] contiki-ng-native.a(energest.o)
[ 14] contiki-ng-native.a(etimer.o)
[ 15] contiki-ng-native.a(log.o)
[ 16] contiki-ng-native.a(node-id.o)
[ 17] contiki-ng-native.a(process.o)
[ 18] contiki-ng-native.a(rtimer.o)
[ 19] contiki-ng-native.a(stimer.o)
[ 20] contiki-ng-native.a(timer.o)
[ 21] contiki-ng-native.a(button-hal.o)
[ 22] contiki-ng-native.a(gpio-hal.o)
[ 23] contiki-ng-native.a(leds.o)
[ 24] contiki-ng-native.a(nullradio.o)
[ 25] contiki-ng-native.a(serial-line.o)
[ 26] contiki-ng-native.a(list.o)
[ 27] contiki-ng-native.a(memb.o)
[ 28] contiki-ng-native.a(random.o)
[ 29] contiki-ng-native.a(ringbuf.o)
[ 30] contiki-ng-native.a(link-stats.o)
[ 31] contiki-ng-native.a(linkaddr.o)
[ 32] contiki-ng-native.a(nbr-table.o)
[ 33] contiki-ng-native.a(netstack.o)
[ 34] contiki-ng-native.a(packetbuf.o)
[ 35] contiki-ng-native.a(nullmac.o)
[ 36] contiki-ng-native.a(simple-udp.o)
[ 37] contiki-ng-native.a(tcpip.o)
[ 38] contiki-ng-native.a(uip-ds6-nbr.o)
[ 39] contiki-ng-native.a(uip-ds6-route.o)
[ 40] contiki-ng-native.a(uip-ds6.o)
[ 41] contiki-ng-native.a(uip-icmp6.o)
[ 42] contiki-ng-native.a(uip-nd6.o)
[ 43] contiki-ng-native.a(uip-packetqueue.o)
[ 44] contiki-ng-native.a(uip-sr.o)
[ 45] contiki-ng-native.a(uip-udp-packet.o)
[ 46] contiki-ng-native.a(uip6.o)
[ 47] contiki-ng-native.a(uipbuf.o)
[ 48] contiki-ng-native.a(uiplib.o)
[ 49] contiki-ng-native.a(rpl-dag-root.o)
[ 50] contiki-ng-native.a(rpl-dag.o)
[ 51] contiki-ng-native.a(rpl-ext-header.o)
[ 52] contiki-ng-native.a(rpl-icmp6.o)
[ 53] contiki-ng-native.a(rpl-mrhof.o)
[ 54] contiki-ng-native.a(rpl-nbr-policy.o)
[ 55] contiki-ng-native.a(rpl-neighbor.o)
[ 56] contiki-ng-native.a(rpl-timers.o)
[ 57] contiki-ng-native.a(rpl.o)
[ 58] /Applications/Xcode-14.2.0.app/Contents/Developer/Platforms/MacOSX.platform/Developer/SDKs/MacOSX.sdk/usr/lib/libSystem.tbd
# Sections:
# Address	Size    	Segment	Section
0x100000E40	0x0001CC6A	__TEXT	__text
0x10001DAAA	0x000000BA	__TEXT	__stubs
0x10001DB64	0x00000146	__TEXT	__stub_helper
0x10001DCAA	0x000022EF	__TEXT	__cstring
0x10001FF9A	0x0000000A	__TEXT	__const
0x10001FFA4	0x00000054	__TEXT	__unwind_info
0x100020000	0x000001A0	__DATA_CONST	__got
0x1000201A0	0x00000198	__DATA_CONST	__const
0x100024000	0x000000F8	__DATA	__la_symbol_ptr
0x100024100	0x00000470	__DATA	__data
0x100024570	0x0000AA21	__DATA	__bss
0x10002EFA0	0x00000C20	__DATA	__common
# Symbols:
# Address	Size    	File  Name
0x100000E40	0x00000200	[  1] _process_thread_udp_client_process
0x100001040	0x00000086	[  1] _udp_rx_callback
0x1000010D0	0x00000100	[  2] _select_set_callback
0x1000011D0	0x00000030	[  2] _platform_process_args
0x100001200	0x00000020	[  2] _platform_init_stage_one
0x100001220	0x00000010	[  2] _platform_init_stage_two
0x100001230	0x00000040	[  2] _set_lladdr
0x100001270	0x00000030	[  2] _platform_init_stage_three
0x1000012A0	0x00000220	[  2] _set_global_address
0x1000014C0	0x000001E0	[  2] _platform_main_loop
0x1000016A0	0x00000040	[  2] _log_message
0x1000016E0	0x00000030	[  2] _uip_log
0x100001710	0x000000A0	[  2] _stdin_set_fd
0x1000017B0	0x000000D4	[  2] _stdin_handle_fd
0x100001890	0x00000040	[  3] _clock_time
0x1000018D0	0x00000040	[  3] _get_time
0x100001910	0x00000020	[  3] _clock_seconds
0x100001930	0x00000010	[  3] _clock_delay
0x100001940	0x00000006	[  3] _clock_init
0x100001950	0x00000010	[  5] _input
0x100001960	0x00000050	[  5] _output
0x1000019B0	0x00000110	[  5] _tun_init
0x100001AC0	0x00000030	[  5] _tun_alloc
0x100001AF0	0x00000040	[  5] _cleanup
0x100001B30	0x00000040	[  5] _sigcleanup
0x100001B70	0x00000050	[  5] _ifconf
0x100001BC0	0x00000090	[  5] _devopen
0x100001C50	0x000000C0	[  5] _set_fd
0x100001D10	0x00000100	[  5] _handle_fd
0x100001E10	0x00000070	[  5] _tun_input
0x100001E80	0x00000130	[  5] _ssystem
0x100001FB0	0x00000057	[  5] _tun_output
0x100002010	0x00000020	[  6] _rtimer_arch_init
0x100002030	0x00000030	[  6] _interrupt
0x100002060	0x0000006F	[  6] _rtimer_arch_schedule
0x1000020D0	0x00000010	[  7] _watchdog_init
0x1000020E0	0x00000010	[  7] _watchdog_start
0x1000020F0	0x00000010	[  7] _watchdog_periodic
0x100002100	0x00000010	[  7] _watchdog_stop
0x100002110	0x0000000E	[  7] _watchdog_reboot
0x100002120	0x00000010	[  8] _int_master_enable
0x100002130	0x00000020	[  8] _int_master_read_and_disable
0x100002150	0x00000020	[  8] _int_master_status_set
0x100002170	0x00000024	[  8] _int_master_is_enabled
0x1000021A0	0x00000010	[  9] _gpio_hal_arch_init
0x1000021B0	0x00000040	[  9] _gpio_hal_arch_interrupt_enable
0x1000021F0	0x00000040	[  9] _gpio_hal_arch_interrupt_disable
0x100002230	0x00000050	[  9] _gpio_hal_arch_pin_cfg_set
0x100002280	0x00000050	[  9] _gpio_hal_arch_pin_cfg_get
0x1000022D0	0x00000040	[  9] _gpio_hal_arch_pin_set_input
0x100002310	0x00000040	[  9] _gpio_hal_arch_pin_set_output
0x100002350	0x00000040	[  9] _gpio_hal_arch_set_pin
0x100002390	0x00000040	[  9] _gpio_hal_arch_clear_pin
0x1000023D0	0x00000050	[  9] _gpio_hal_arch_read_pin
0x100002420	0x00000050	[  9] _gpio_hal_arch_write_pin
0x100002470	0x00000070	[  9] _gpio_hal_arch_set_pins
0x1000024E0	0x00000070	[  9] _gpio_hal_arch_clear_pins
0x100002550	0x00000060	[  9] _gpio_hal_arch_read_pins
0x1000025B0	0x00000083	[  9] _gpio_hal_arch_write_pins
0x100002640	0x0000064E	[ 10] _main
0x100002C90	0x00000050	[ 11] _autostart_start
0x100002CE0	0x0000004B	[ 11] _autostart_exit
0x100002D30	0x000001A0	[ 12] _process_thread_ctimer_process
0x100002ED0	0x00000030	[ 12] _ctimer_init
0x100002F00	0x00000040	[ 12] _ctimer_set
0x100002F40	0x000000C0	[ 12] _ctimer_set_with_process
0x100003000	0x00000070	[ 12] _ctimer_reset
0x100003070	0x00000070	[ 12] _ctimer_restart
0x1000030E0	0x00000060	[ 12] _ctimer_stop
0x100003140	0x00000088	[ 12] _ctimer_expired
0x1000031D0	0x00000010	[ 13] _energest_init
0x1000031E0	0x00000010	[ 13] _energest_flush
0x1000031F0	0x00000008	[ 13] _energest_get_total_time
0x100003200	0x00000270	[ 14] _process_thread_etimer_process
0x100003470	0x00000020	[ 14] _etimer_request_poll
0x100003490	0x00000030	[ 14] _etimer_set
0x1000034C0	0x000000C0	[ 14] _add_timer
0x100003580	0x00000040	[ 14] _etimer_reset_with_new_interval
0x1000035C0	0x00000030	[ 14] _etimer_reset
0x1000035F0	0x00000030	[ 14] _etimer_restart
0x100003620	0x00000030	[ 14] _etimer_adjust
0x100003650	0x000000D0	[ 14] _update_time
0x100003720	0x00000020	[ 14] _etimer_expired
0x100003740	0x00000020	[ 14] _etimer_expiration_time
0x100003760	0x00000020	[ 14] _etimer_start_time
0x100003780	0x00000020	[ 14] _etimer_pending
0x1000037A0	0x00000040	[ 14] _etimer_next_expiration_time
0x1000037E0	0x000000CF	[ 14] _etimer_stop
0x1000038B0	0x00000070	[ 15] _log_6addr
0x100003920	0x00000110	[ 15] _log_6addr_compact_snprint
0x100003A30	0x00000070	[ 15] _log_6addr_compact
0x100003AA0	0x000000A0	[ 15] _log_lladdr
0x100003B40	0x00000080	[ 15] _log_lladdr_compact
0x100003BC0	0x00000110	[ 15] _log_set_level
0x100003CD0	0x000000B0	[ 15] _log_get_level
0x100003D80	0x000000A4	[ 15] _log_level_to_str
0x100003E30	0x00000028	[ 16] _node_id_init
0x100003E60	0x00000020	[ 17] _process_alloc_event
0x100003E80	0x000000C0	[ 17] _process_start
0x100003F40	0x00000050	[ 17] _process_post_synch
0x100003F90	0x00000030	[ 17] _process_exit
0x100003FC0	0x000001C0	[ 17] _exit_process
0x100004180	0x00000040	[ 17] _process_init
0x1000041C0	0x00000030	[ 17] _process_run
0x1000041F0	0x00000070	[ 17] _do_poll
0x100004260	0x00000130	[ 17] _do_event
0x100004390	0x00000020	[ 17] _process_nevents
0x1000043B0	0x000000E0	[ 17] _process_post
0x100004490	0x000000C0	[ 17] _call_process
0x100004550	0x00000050	[ 17] _process_poll
0x1000045A0	0x0000001D	[ 17] _process_is_running
0x1000045C0	0x00000010	[ 18] _rtimer_init
0x1000045D0	0x00000080	[ 18] _rtimer_set
0x100004650	0x0000006E	[ 18] _rtimer_run_next
0x1000046C0	0x00000040	[ 19] _stimer_set
0x100004700	0x00000020	[ 19] _stimer_reset
0x100004720	0x00000030	[ 19] _stimer_restart
0x100004750	0x00000040	[ 19] _stimer_expired
0x100004790	0x00000040	[ 19] _stimer_remaining
0x1000047D0	0x0000001E	[ 19] _stimer_elapsed
0x1000047F0	0x00000040	[ 20] _timer_set
0x100004830	0x00000020	[ 20] _timer_reset
0x100004850	0x00000030	[ 20] _timer_restart
0x100004880	0x00000040	[ 20] _timer_expired
0x1000048C0	0x00000034	[ 20] _timer_remaining
0x100004900	0x00000160	[ 21] _process_thread_button_hal_process
0x100004A60	0x00000080	[ 21] _button_hal_get_by_id
0x100004AE0	0x00000050	[ 21] _button_hal_get_by_index
0x100004B30	0x00000080	[ 21] _button_hal_get_state
0x100004BB0	0x00000110	[ 21] _button_hal_init
0x100004CC0	0x00000030	[ 21] _press_release_handler
0x100004CF0	0x00000020	[ 21] _critical_exit
0x100004D10	0x000000F0	[ 21] _debounce_handler
0x100004E00	0x00000020	[ 21] _critical_enter
0x100004E20	0x00000063	[ 21] _duration_exceeded_callback
0x100004E90	0x00000030	[ 22] _gpio_hal_register_handler
0x100004EC0	0x00000080	[ 22] _gpio_hal_event_handler
0x100004F40	0x00000020	[ 22] _gpio_hal_init
0x100004F60	0x00000060	[ 22] _gpio_hal_arch_toggle_pin
0x100004FC0	0x0000002C	[ 22] _gpio_hal_arch_toggle_pins
0x100004FF0	0x00000050	[ 23] _leds_init
0x100005040	0x000000A0	[ 23] _leds_off
0x1000050E0	0x00000070	[ 23] _leds_single_on
0x100005150	0x00000070	[ 23] _leds_single_off
0x1000051C0	0x00000040	[ 23] _leds_single_toggle
0x100005200	0x000000A0	[ 23] _leds_on
0x1000052A0	0x00000070	[ 23] _leds_toggle
0x100005310	0x00000030	[ 23] _leds_set
0x100005340	0x000000BA	[ 23] _leds_get
0x100005400	0x00000010	[ 24] _init
0x100005410	0x00000020	[ 24] _prepare
0x100005430	0x00000010	[ 24] _transmit
0x100005440	0x00000030	[ 24] _send
0x100005470	0x00000020	[ 24] _radio_read
0x100005490	0x00000010	[ 24] _channel_clear
0x1000054A0	0x00000010	[ 24] _receiving_packet
0x1000054B0	0x00000010	[ 24] _pending_packet
0x1000054C0	0x00000010	[ 24] _on
0x1000054D0	0x00000010	[ 24] _off
0x1000054E0	0x00000020	[ 24] _get_value
0x100005500	0x00000020	[ 24] _set_value
0x100005520	0x00000020	[ 24] _get_object
0x100005540	0x00000016	[ 24] _set_object
0x100005560	0x000001E0	[ 25] _process_thread_serial_line_process
0x100005740	0x000000B0	[ 25] _serial_line_input_byte
0x1000057F0	0x0000002E	[ 25] _serial_line_init
0x100005820	0x00000020	[ 26] _list_init
0x100005840	0x00000020	[ 26] _list_head
0x100005860	0x00000020	[ 26] _list_copy
0x100005880	0x00000060	[ 26] _list_tail
0x1000058E0	0x00000070	[ 26] _list_add
0x100005950	0x000000B0	[ 26] _list_remove
0x100005A00	0x00000040	[ 26] _list_push
0x100005A40	0x000000B0	[ 26] _list_chop
0x100005AF0	0x00000040	[ 26] _list_pop
0x100005B30	0x00000050	[ 26] _list_length
0x100005B80	0x00000060	[ 26] _list_insert
0x100005BE0	0x00000030	[ 26] _list_item_next
0x100005C10	0x0000005F	[ 26] _list_contains
0x100005C70	0x00000060	[ 27] _memb_init
0x100005CD0	0x000000A0	[ 27] _memb_alloc
0x100005D70	0x000000C0	[ 27] _memb_free
0x100005E30	0x00000060	[ 27] _memb_inmemb
0x100005E90	0x00000063	[ 27] _memb_numfree
0x100005F00	0x00000020	[ 28] _random_init
0x100005F20	0x0000000E	[ 28] _random_rand
0x100005F30	0x00000040	[ 29] _ringbuf_init
0x100005F70	0x00000090	[ 29] _ringbuf_put
0x100006000	0x00000080	[ 29] _ringbuf_get
0x100006080	0x00000020	[ 29] _ringbuf_size
0x1000060A0	0x00000026	[ 29] _ringbuf_elements
0x1000060D0	0x00000030	[ 30] _link_stats_from_lladdr
0x100006100	0x00000060	[ 30] _link_stats_is_fresh
0x100006160	0x000000F0	[ 30] _guess_etx_from_rssi
0x100006250	0x00000160	[ 30] _link_stats_packet_sent
0x1000063B0	0x000000C0	[ 30] _link_stats_input_callback
0x100006470	0x00000060	[ 30] _link_stats_reset
0x1000064D0	0x00000040	[ 30] _link_stats_init
0x100006510	0x00000060	[ 30] _periodic
0x100006570	0x00000030	[ 31] _linkaddr_copy
0x1000065A0	0x00000030	[ 31] _linkaddr_cmp
0x1000065D0	0x00000022	[ 31] _linkaddr_set_node_addr
0x100006600	0x000000A0	[ 32] _nbr_table_register
0x1000066A0	0x00000070	[ 32] _nbr_table_is_registered
0x100006710	0x00000080	[ 32] _nbr_table_head
0x100006790	0x00000040	[ 32] _item_from_key
0x1000067D0	0x00000080	[ 32] _nbr_get_bit
0x100006850	0x00000090	[ 32] _nbr_table_next
0x1000068E0	0x00000030	[ 32] _key_from_item
0x100006910	0x000000F0	[ 32] _nbr_table_add_lladdr
0x100006A00	0x000000A0	[ 32] _index_from_lladdr
0x100006AA0	0x000001F0	[ 32] _nbr_table_allocate
0x100006C90	0x00000050	[ 32] _index_from_key
0x100006CE0	0x00000060	[ 32] _item_from_index
0x100006D40	0x000000B0	[ 32] _nbr_set_bit
0x100006DF0	0x00000070	[ 32] _nbr_table_get_from_lladdr
0x100006E60	0x00000050	[ 32] _nbr_table_remove
0x100006EB0	0x00000030	[ 32] _nbr_table_lock
0x100006EE0	0x00000030	[ 32] _nbr_table_unlock
0x100006F10	0x00000060	[ 32] _nbr_table_get_lladdr
0x100006F70	0x00000060	[ 32] _index_from_item
0x100006FD0	0x00000040	[ 32] _key_from_index
0x100007010	0x000000EF	[ 32] _remove_key
0x100007100	0x000000E0	[ 33] _netstack_process_ip_callback
0x1000071E0	0x00000030	[ 33] _netstack_ip_packet_processor_add
0x100007210	0x00000030	[ 33] _uip_ds6_ip_packet_processor_rm
0x100007240	0x00000023	[ 33] _netstack_init
0x100007270	0x00000030	[ 34] _packetbuf_clear
0x1000072A0	0x00000060	[ 34] _packetbuf_attr_clear
0x100007300	0x00000080	[ 34] _packetbuf_copyfrom
0x100007380	0x000000B0	[ 34] _packetbuf_copyto
0x100007430	0x00000010	[ 34] _packetbuf_hdrptr
0x100007440	0x00000030	[ 34] _packetbuf_dataptr
0x100007470	0x000000B0	[ 34] _packetbuf_hdralloc
0x100007520	0x00000030	[ 34] _packetbuf_totlen
0x100007550	0x00000060	[ 34] _packetbuf_hdrreduce
0x1000075B0	0x00000020	[ 34] _packetbuf_set_datalen
0x1000075D0	0x00000020	[ 34] _packetbuf_hdrlen
0x1000075F0	0x00000010	[ 34] _packetbuf_datalen
0x100007600	0x00000020	[ 34] _packetbuf_remaininglen
0x100007620	0x00000050	[ 34] _packetbuf_attr_copyto
0x100007670	0x00000050	[ 34] _packetbuf_attr_copyfrom
0x1000076C0	0x00000030	[ 34] _packetbuf_set_attr
0x1000076F0	0x00000020	[ 34] _packetbuf_attr
0x100007710	0x00000040	[ 34] _packetbuf_set_addr
0x100007750	0x00000030	[ 34] _packetbuf_addr
0x100007780	0x0000001D	[ 34] _packetbuf_holds_broadcast
0x1000077A0	0x00000010	[ 35] _init
0x1000077B0	0x00000010	[ 35] _send_packet
0x1000077C0	0x00000010	[ 35] _packet_input
0x1000077D0	0x00000010	[ 35] _on
0x1000077E0	0x00000008	[ 35] _off
0x1000077F0	0x000001E0	[ 36] _process_thread_simple_udp_process
0x1000079D0	0x00000070	[ 36] _simple_udp_send
0x100007A40	0x00000070	[ 36] _simple_udp_sendto
0x100007AB0	0x00000070	[ 36] _simple_udp_sendto_port
0x100007B20	0x00000130	[ 36] _simple_udp_register
0x100007C50	0x0000002D	[ 36] _init_simple_udp
0x100007C80	0x00000070	[ 37] _tcpip_output
0x100007CF0	0x000000E0	[ 37] _process_thread_tcpip_process
0x100007DD0	0x00000030	[ 37] _udp_attach
0x100007E00	0x00000030	[ 37] _init_appstate
0x100007E30	0x00000070	[ 37] _udp_new
0x100007EA0	0x00000080	[ 37] _udp_broadcast_new
0x100007F20	0x00000050	[ 37] _tcpip_input
0x100007F70	0x00000760	[ 37] _tcpip_ipv6_output
0x1000086D0	0x000000D0	[ 37] _packet_input
0x1000087A0	0x000006A0	[ 37] _get_nexthop
0x100008E40	0x00000010	[ 37] _annotate_transmission
0x100008E50	0x00000120	[ 37] _send_nd6_ns
0x100008F70	0x00000090	[ 37] _send_queued
0x100009000	0x00000030	[ 37] _tcpip_poll_udp
0x100009030	0x00000080	[ 37] _tcpip_uipcall
0x1000090B0	0x00000010	[ 37] _check_for_tcp_syn
0x1000090C0	0x00000080	[ 37] _output_fallback
0x100009140	0x0000015C	[ 37] _eventhandler
0x1000092A0	0x00000020	[ 38] _uip_ds6_neighbors_init
0x1000092C0	0x00000060	[ 38] _uip_ds6_nbr_rm
0x100009320	0x000003F0	[ 38] _uip_ds6_nbr_add
0x100009710	0x00000370	[ 38] _uip_ds6_nbr_update_ll
0x100009A80	0x00000030	[ 38] _uip_ds6_nbr_ll_lookup
0x100009AB0	0x00000040	[ 38] _uip_ds6_nbr_get_ipaddr
0x100009AF0	0x00000030	[ 38] _uip_ds6_nbr_get_ll
0x100009B20	0x00000060	[ 38] _uip_ds6_nbr_num
0x100009B80	0x00000020	[ 38] _uip_ds6_nbr_head
0x100009BA0	0x00000030	[ 38] _uip_ds6_nbr_next
0x100009BD0	0x000000A0	[ 38] _uip_ds6_nbr_lookup
0x100009C70	0x00000050	[ 38] _uip_ds6_nbr_ipaddr_from_lladdr
0x100009CC0	0x00000050	[ 38] _uip_ds6_nbr_lladdr_from_ipaddr
0x100009D10	0x0000000C	[ 38] _uip_ds6_link_callback
0x100009D20	0x00000020	[ 39] _uip_ds6_route_init
0x100009D40	0x00000010	[ 39] _uip_ds6_route_nexthop
0x100009D50	0x00000010	[ 39] _uip_ds6_route_head
0x100009D60	0x00000010	[ 39] _uip_ds6_route_next
0x100009D70	0x00000010	[ 39] _uip_ds6_route_is_nexthop
0x100009D80	0x00000010	[ 39] _uip_ds6_route_num_routes
0x100009D90	0x00000010	[ 39] _uip_ds6_route_lookup
0x100009DA0	0x00000020	[ 39] _uip_ds6_route_add
0x100009DC0	0x00000010	[ 39] _uip_ds6_route_rm
0x100009DD0	0x00000010	[ 39] _uip_ds6_route_rm_by_nexthop
0x100009DE0	0x00000020	[ 39] _uip_ds6_defrt_head
0x100009E00	0x000003D0	[ 39] _uip_ds6_defrt_add
0x10000A1D0	0x00000080	[ 39] _assert_nbr_routes_list_sane
0x10000A250	0x000000A0	[ 39] _uip_ds6_defrt_lookup
0x10000A2F0	0x00000160	[ 39] _uip_ds6_defrt_rm
0x10000A450	0x000003C0	[ 39] _uip_ds6_defrt_choose
0x10000A810	0x000000E8	[ 39] _uip_ds6_defrt_periodic
0x10000A900	0x000004D0	[ 40] _uip_ds6_init
0x10000ADD0	0x00000070	[ 40] _uip_ds6_compute_reachable_time
0x10000AE40	0x00000270	[ 40] _uip_ds6_prefix_add
0x10000B0B0	0x00000050	[ 40] _uip_ds6_set_addr_iid
0x10000B100	0x00000160	[ 40] _uip_ds6_addr_add
0x10000B260	0x00000090	[ 40] _uip_ds6_maddr_add
0x10000B2F0	0x000000B0	[ 40] _uip_ds6_periodic
0x10000B3A0	0x000000B0	[ 40] _uip_ds6_addr_rm
0x10000B450	0x00000120	[ 40] _uip_ds6_list_loop
0x10000B570	0x00000020	[ 40] _uip_ds6_prefix_rm
0x10000B590	0x00000070	[ 40] _uip_ds6_prefix_lookup
0x10000B600	0x000000B0	[ 40] _uip_ds6_is_addr_onlink
0x10000B6B0	0x00000070	[ 40] _uip_ds6_maddr_lookup
0x10000B720	0x00000020	[ 40] _uip_ds6_maddr_rm
0x10000B740	0x00000070	[ 40] _uip_ds6_addr_lookup
0x10000B7B0	0x000000E0	[ 40] _uip_ds6_get_link_local
0x10000B890	0x000000E0	[ 40] _uip_ds6_get_global
0x10000B970	0x00000090	[ 40] _uip_ds6_aaddr_add
0x10000BA00	0x00000020	[ 40] _uip_ds6_aaddr_rm
0x10000BA20	0x00000070	[ 40] _uip_ds6_aaddr_lookup
0x10000BA90	0x000001D0	[ 40] _uip_ds6_select_src
0x10000BC60	0x000000E0	[ 40] _get_match_length
0x10000BD40	0x0000003F	[ 40] _uip_ds6_set_lladdr_from_iid
0x10000BD80	0x00000070	[ 41] _uip_icmp6_input
0x10000BDF0	0x000000B0	[ 41] _input_handler_lookup
0x10000BEA0	0x00000030	[ 41] _uip_icmp6_register_input_handler
0x10000BED0	0x00000620	[ 41] _uip_icmp6_error_output
0x10000C4F0	0x00000270	[ 41] _uip_icmp6_send
0x10000C760	0x00000050	[ 41] _uip_icmp6_echo_reply_callback_add
0x10000C7B0	0x00000030	[ 41] _uip_icmp6_echo_reply_callback_rm
0x10000C7E0	0x00000020	[ 41] _uip_icmp6_init
0x10000C800	0x00000580	[ 41] _echo_request_input
0x10000CD80	0x00000373	[ 41] _echo_reply_input
0x10000D100	0x00000020	[ 42] _uip_nd6_init
0x10000D120	0x00000EB0	[ 42] _ns_input
0x10000DFD0	0x00000070	[ 42] _extract_lladdr_from_llao_aligned
0x10000E040	0x00000064	[ 42] _create_llao
0x10000E0B0	0x00000020	[ 43] _uip_packetqueue_new
0x10000E0D0	0x00000090	[ 43] _uip_packetqueue_alloc
0x10000E160	0x00000040	[ 43] _packet_timedout
0x10000E1A0	0x00000060	[ 43] _uip_packetqueue_free
0x10000E200	0x00000040	[ 43] _uip_packetqueue_buf
0x10000E240	0x00000040	[ 43] _uip_packetqueue_buflen
0x10000E280	0x00000031	[ 43] _uip_packetqueue_set_buflen
0x10000E2C0	0x00000010	[ 44] _uip_sr_num_nodes
0x10000E2D0	0x00000080	[ 44] _uip_sr_get_node
0x10000E350	0x000000A0	[ 44] _node_matches_address
0x10000E3F0	0x000000D0	[ 44] _uip_sr_is_addr_reachable
0x10000E4C0	0x00000060	[ 44] _uip_sr_expire_parent
0x10000E520	0x000004B0	[ 44] _uip_sr_update_node
0x10000E9D0	0x00000030	[ 44] _uip_sr_init
0x10000EA00	0x00000020	[ 44] _uip_sr_node_head
0x10000EA20	0x00000020	[ 44] _uip_sr_node_next
0x10000EA40	0x00000270	[ 44] _uip_sr_periodic
0x10000ECB0	0x00000080	[ 44] _uip_sr_free_all
0x10000ED30	0x00000226	[ 44] _uip_sr_link_snprint
0x10000EF60	0x00000090	[ 45] _uip_udp_packet_send
0x10000EFF0	0x000000A0	[ 45] _uip_udp_packet_sendto
0x10000F090	0x00000040	[ 46] _uip_chksum
0x10000F0D0	0x00000020	[ 46] _uip_htons
0x10000F0F0	0x000000F0	[ 46] _chksum
0x10000F1E0	0x00000020	[ 46] _uip_icmp6chksum
0x10000F200	0x00000140	[ 46] _upper_layer_chksum
0x10000F340	0x00000020	[ 46] _uip_udpchksum
0x10000F360	0x00000060	[ 46] _uip_init
0x10000F3C0	0x00000200	[ 46] _remove_ext_hdr
0x10000F5C0	0x000001B0	[ 46] _uip_udp_new
0x10000F770	0x00001E40	[ 46] _uip_process
0x1000115B0	0x00000430	[ 46] _ext_hdr_options_process
0x1000119E0	0x00000050	[ 46] _uip_htonl
0x100011A30	0x00000150	[ 46] _uip_send
0x100011B80	0x000000A0	[ 47] _uipbuf_get_next_header
0x100011C20	0x000000E0	[ 47] _uipbuf_get_last_header
0x100011D00	0x00000040	[ 47] _uipbuf_get_attr
0x100011D40	0x00000050	[ 47] _uipbuf_set_attr
0x100011D90	0x00000030	[ 47] _uipbuf_clear_attr
0x100011DC0	0x00000030	[ 47] _uipbuf_set_attr_flag
0x100011DF0	0x00000030	[ 47] _uipbuf_clr_attr_flag
0x100011E20	0x0000002B	[ 47] _uipbuf_is_attr_flag
0x100011E50	0x000002D0	[ 48] _uiplib_ip6addrconv
0x100012120	0x00000150	[ 48] _uiplib_ip4addrconv
0x100012270	0x00000070	[ 48] _uiplib_ipaddr_print
0x1000122E0	0x000002E6	[ 48] _uiplib_ipaddr_snprint
0x1000125D0	0x00000290	[ 49] _rpl_dag_root_print_links
0x100012860	0x00000050	[ 49] _rpl_dag_root_is_root
0x1000128B0	0x00000040	[ 49] _rpl_dag_root_set_prefix
0x1000128F0	0x000002D0	[ 49] _set_global_address
0x100012BC0	0x0000022C	[ 49] _rpl_dag_root_start
0x100012DF0	0x00000090	[ 50] _rpl_dag_state_to_str
0x100012E80	0x00000060	[ 50] _rpl_dag_get_root_ipaddr
0x100012EE0	0x000001E0	[ 50] _rpl_dag_leave
0x1000130C0	0x00000020	[ 50] _rpl_dag_poison_and_leave
0x1000130E0	0x000001D0	[ 50] _rpl_dag_periodic
0x1000132B0	0x00000070	[ 50] _rpl_is_addr_in_our_dag
0x100013320	0x00000030	[ 50] _rpl_get_default_instance
0x100013350	0x00000030	[ 50] _rpl_get_any_dag
0x100013380	0x00000140	[ 50] _rpl_refresh_routes
0x1000134C0	0x00000160	[ 50] _rpl_global_repair
0x100013620	0x000000E0	[ 50] _rpl_local_repair
0x100013700	0x00000090	[ 50] _rpl_dag_ready_to_advertise
0x100013790	0x00000590	[ 50] _rpl_dag_update_state
0x100013D20	0x00000130	[ 50] _rpl_process_dio
0x100013E50	0x000003B0	[ 50] _process_dio_init_dag
0x100014200	0x00000560	[ 50] _process_dio_from_current_dag
0x100014760	0x000000D0	[ 50] _rpl_process_dis
0x100014830	0x00000150	[ 50] _rpl_process_dao
0x100014980	0x00000140	[ 50] _rpl_process_dao_ack
0x100014AC0	0x00000090	[ 50] _rpl_process_hbh
0x100014B50	0x000002C0	[ 50] _rpl_dag_init_root
0x100014E10	0x00000200	[ 50] _init_dag
0x100015010	0x00000020	[ 50] _rpl_dag_init
0x100015030	0x00000190	[ 50] _init_dag_from_dio
0x1000151C0	0x00000100	[ 50] _global_repair_non_root
0x1000152C0	0x00000130	[ 50] _update_nbr_from_dio
0x1000153F0	0x00000079	[ 50] _find_objective_function
0x100015470	0x000002A0	[ 51] _rpl_ext_header_srh_get_next_hop
0x100015710	0x00000570	[ 51] _rpl_ext_header_srh_update
0x100015C80	0x00000620	[ 51] _rpl_ext_header_hbh_update
0x1000162A0	0x000000E0	[ 51] _rpl_ext_header_update
0x100016380	0x00000300	[ 51] _rpl_ext_header_remove
0x100016680	0x00000A00	[ 51] _insert_srh_header
0x100017080	0x00000350	[ 51] _insert_hbh_header
0x1000173D0	0x000002A0	[ 51] _update_hbh_header
0x100017670	0x00000076	[ 51] _count_matching_bytes
0x1000176F0	0x00000220	[ 52] _rpl_icmp6_update_nbr_table
0x100017910	0x00000180	[ 52] _rpl_icmp6_dis_output
0x100017A90	0x000007F0	[ 52] _rpl_icmp6_dio_output
0x100018280	0x00000060	[ 52] _set16
0x1000182E0	0x00000090	[ 52] _set32
0x100018370	0x000006C0	[ 52] _rpl_icmp6_dao_output
0x100018A30	0x000001B0	[ 52] _rpl_icmp6_dao_ack_output
0x100018BE0	0x00000040	[ 52] _rpl_icmp6_init
0x100018C20	0x000001E0	[ 52] _dis_input
0x100018E00	0x00000B10	[ 52] _dio_input
0x100019910	0x00000040	[ 52] _get16
0x100019950	0x00000060	[ 52] _get32
0x1000199B0	0x000006C0	[ 52] _dao_input
0x10001A070	0x00000255	[ 52] _dao_ack_input
0x10001A2D0	0x00000080	[ 53] _reset
0x10001A350	0x00000050	[ 53] _nbr_link_metric
0x10001A3A0	0x00000030	[ 53] _nbr_has_usable_link
0x10001A3D0	0x00000050	[ 53] _nbr_is_acceptable_parent
0x10001A420	0x000000B0	[ 53] _nbr_path_cost
0x10001A4D0	0x000000F0	[ 53] _rank_via_nbr
0x10001A5C0	0x000001A0	[ 53] _best_parent
0x10001A760	0x00000010	[ 53] _update_metric_container
0x10001A770	0x00000020	[ 53] _link_metric_to_rank
0x10001A790	0x000000A4	[ 53] _within_hysteresis
0x10001A840	0x00000090	[ 54] _rpl_nbr_policy_find_removable
0x10001A8D0	0x00000220	[ 54] _find_removable_dio
0x10001AAF0	0x00000020	[ 54] _find_worst_rank_nbr_lladdr
0x10001AB10	0x00000191	[ 54] _update_state
0x10001ACB0	0x000003D0	[ 55] _rpl_neighbor_snprint
0x10001B080	0x00000100	[ 55] _best_parent
0x10001B180	0x00000030	[ 55] _rpl_neighbor_get_link_stats
0x10001B1B0	0x00000030	[ 55] _rpl_neighbor_get_ipaddr
0x10001B1E0	0x00000060	[ 55] _rpl_neighbor_get_link_metric
0x10001B240	0x00000060	[ 55] _rpl_neighbor_rank_via_nbr
0x10001B2A0	0x00000070	[ 55] _acceptable_rank
0x10001B310	0x00000060	[ 55] _rpl_neighbor_is_acceptable_parent
0x10001B370	0x00000390	[ 55] _rpl_neighbor_print_list
0x10001B700	0x00000080	[ 55] _max_acceptable_rank
0x10001B780	0x00000070	[ 55] _rpl_neighbor_count
0x10001B7F0	0x00000030	[ 55] _rpl_neighbor_get_from_lladdr
0x10001B820	0x00000030	[ 55] _rpl_neighbor_get_lladdr
0x10001B850	0x00000030	[ 55] _rpl_neighbor_is_fresh
0x10001B880	0x00000070	[ 55] _rpl_neighbor_is_reachable
0x10001B8F0	0x00000040	[ 55] _rpl_neighbor_is_parent
0x10001B930	0x00000250	[ 55] _rpl_neighbor_set_preferred_parent
0x10001BB80	0x000000C0	[ 55] _rpl_neighbor_remove_all
0x10001BC40	0x00000080	[ 55] _remove_neighbor
0x10001BCC0	0x00000040	[ 55] _rpl_neighbor_get_from_ipaddr
0x10001BD00	0x00000230	[ 55] _rpl_neighbor_select_best
0x10001BF30	0x00000019	[ 55] _rpl_neighbor_init
0x10001BF50	0x00000060	[ 56] _rpl_timers_schedule_periodic_dis
0x10001BFB0	0x00000070	[ 56] _handle_dis_timer
0x10001C020	0x000000D0	[ 56] _rpl_timers_dio_reset
0x10001C0F0	0x000000F0	[ 56] _new_dio_interval
0x10001C1E0	0x00000060	[ 56] _rpl_timers_schedule_unicast_dio
0x10001C240	0x00000040	[ 56] _handle_unicast_dio_timer
0x10001C280	0x000000D0	[ 56] _rpl_timers_schedule_dao
0x10001C350	0x000000E0	[ 56] _handle_dao_timer
0x10001C430	0x00000080	[ 56] _rpl_timers_schedule_dao_ack
0x10001C4B0	0x00000040	[ 56] _handle_dao_ack_timer
0x10001C4F0	0x00000020	[ 56] _get_probing_delay
0x10001C510	0x00000220	[ 56] _get_probing_target
0x10001C730	0x00000040	[ 56] _rpl_schedule_probing
0x10001C770	0x00000230	[ 56] _handle_probing_timer
0x10001C9A0	0x00000050	[ 56] _rpl_schedule_probing_now
0x10001C9F0	0x00000050	[ 56] _rpl_timers_unschedule_leaving
0x10001CA40	0x00000060	[ 56] _rpl_timers_schedule_leaving
0x10001CAA0	0x00000030	[ 56] _handle_leaving_timer
0x10001CAD0	0x00000030	[ 56] _rpl_timers_init
0x10001CB00	0x000000E0	[ 56] _handle_periodic_timer
0x10001CBE0	0x00000090	[ 56] _rpl_timers_stop_dag_timers
0x10001CC70	0x00000030	[ 56] _rpl_timers_unschedule_state_update
0x10001CCA0	0x00000040	[ 56] _rpl_timers_schedule_state_update
0x10001CCE0	0x00000020	[ 56] _handle_state_update
0x10001CD00	0x00000120	[ 56] _handle_dio_timer
0x10001CE20	0x00000150	[ 56] _schedule_dao_refresh
0x10001CF70	0x0000004D	[ 56] _schedule_dao_retransmission
0x10001CFC0	0x000000A0	[ 57] _rpl_lollipop_greater_than
0x10001D060	0x00000190	[ 57] _rpl_get_global_address
0x10001D1F0	0x000001A0	[ 57] _rpl_link_callback
0x10001D390	0x00000040	[ 57] _rpl_has_joined
0x10001D3D0	0x00000040	[ 57] _rpl_is_reachable
0x10001D410	0x00000150	[ 57] _rpl_reset_prefix
0x10001D560	0x00000070	[ 57] _set_ip_from_prefix
0x10001D5D0	0x00000280	[ 57] _rpl_set_prefix_from_addr
0x10001D850	0x00000070	[ 57] _rpl_set_prefix
0x10001D8C0	0x00000020	[ 57] _rpl_set_leaf_only
0x10001D8E0	0x00000010	[ 57] _rpl_get_leaf_only
0x10001D8F0	0x00000110	[ 57] _init
0x10001DA00	0x00000090	[ 57] _get_sr_node_ipaddr
0x10001DA90	0x00000010	[ 57] _neighbor_state_changed
0x10001DAA0	0x0000000A	[ 57] _drop_route
0x10001DAAA	0x00000006	[ 58] ___darwin_check_fd_set_overflow
0x10001DAB0	0x00000006	[ 58] ___error
0x10001DAB6	0x00000006	[ 58] ___memcpy_chk
0x10001DABC	0x00000006	[ 58] ___memmove_chk
0x10001DAC2	0x00000006	[ 58] ___memset_chk
0x10001DAC8	0x00000006	[ 58] ___snprintf_chk
0x10001DACE	0x00000006	[ 58] ___stack_chk_fail
0x10001DAD4	0x00000006	[ 58] ___strcpy_chk
0x10001DADA	0x00000006	[ 58] ___strncat_chk
0x10001DAE0	0x00000006	[ 58] ___vsnprintf_chk
0x10001DAE6	0x00000006	[ 58] _atexit
0x10001DAEC	0x00000006	[ 58] _clock_gettime
0x10001DAF2	0x00000006	[ 58] _err
0x10001DAF8	0x00000006	[ 58] _exit
0x10001DAFE	0x00000006	[ 58] _fflush
0x10001DB04	0x00000006	[ 58] _fprintf
0x10001DB0A	0x00000006	[ 58] _memcmp
0x10001DB10	0x00000006	[ 58] _memset
0x10001DB16	0x00000006	[ 58] _open
0x10001DB1C	0x00000006	[ 58] _perror
0x10001DB22	0x00000006	[ 58] _printf
0x10001DB28	0x00000006	[ 58] _rand
0x10001DB2E	0x00000006	[ 58] _read
0x10001DB34	0x00000006	[ 58] _select$1050
0x10001DB3A	0x00000006	[ 58] _setitimer
0x10001DB40	0x00000006	[ 58] _setvbuf
0x10001DB46	0x00000006	[ 58] _signal
0x10001DB4C	0x00000006	[ 58] _srand
0x10001DB52	0x00000006	[ 58] _strcmp
0x10001DB58	0x00000006	[ 58] _system
0x10001DB5E	0x00000006	[ 58] _write
0x10001DB64	0x00000010	[  0] helper helper
0x10001DB74	0x0000000A	[ 58] ___darwin_check_fd_set_overflow
0x10001DB7E	0x0000000A	[ 58] ___error
0x10001DB88	0x0000000A	[ 58] ___memcpy_chk
0x10001DB92	0x0000000A	[ 58] ___memmove_chk
0x10001DB9C	0x0000000A	[ 58] ___memset_chk
0x10001DBA6	0x0000000A	[ 58] ___snprintf_chk
0x10001DBB0	0x0000000A	[ 58] ___stack_chk_fail
0x10001DBBA	0x0000000A	[ 58] ___strcpy_chk
0x10001DBC4	0x0000000A	[ 58] ___strncat_chk
0x10001DBCE	0x0000000A	[ 58] ___vsnprintf_chk
0x10001DBD8	0x0000000A	[ 58] _atexit
0x10001DBE2	0x0000000A	[ 58] _clock_gettime
0x10001DBEC	0x0000000A	[ 58] _err
0x10001DBF6	0x0000000A	[ 58] _exit
0x10001DC00	0x0000000A	[ 58] _fflush
0x10001DC0A	0x0000000A	[ 58] _fprintf
0x10001DC14	0x0000000A	[ 58] _memcmp
0x10001DC1E	0x0000000A	[ 58] _memset
0x10001DC28	0x0000000A	[ 58] _open
0x10001DC32	0x0000000A	[ 58] _perror
0x10001DC3C	0x0000000A	[ 58] _printf
0x10001DC46	0x0000000A	[ 58] _rand
0x10001DC50	0x0000000A	[ 58] _read
0x10001DC5A	0x0000000A	[ 58] _select$1050
0x10001DC64	0x0000000A	[ 58] _setitimer
0x10001DC6E	0x0000000A	[ 58] _setvbuf
0x10001DC78	0x0000000A	[ 58] _signal
0x10001DC82	0x0000000A	[ 58] _srand
0x10001DC8C	0x0000000A	[ 58] _strcmp
0x10001DC96	0x0000000A	[ 58] _system
0x10001DCA0	0x0000000A	[ 58] _write
0x10001DCAA	0x0000000B	[  1] literal string: UDP client
0x10001DCB5	0x0000000F	[  1] literal string: [%-4s: %-10s] 
0x10001DCC4	0x00000005	[  1] literal string: INFO
0x10001DCC9	0x00000004	[  1] literal string: App
0x10001DCCD	0x00000017	[  1] literal string: Sending request %u to 
0x10001DCE4	0x00000002	[  1] literal string: \n
0x10001DCE6	0x00000013	[  1] literal string: Not reachable yet\n
0x10001DCF9	0x0000001B	[  1] literal string: Received response %u from 
0x10001DD14	0x00000007	[  2] literal string: select
0x10001DD1B	0x00000006	[  2] literal string: %s%s\n
0x10001DD21	0x00000004	[  2] literal string: %s\n
0x10001DD25	0x00000007	[  2] literal string: Native
0x10001DD2C	0x0000001B	[  2] literal string: Added global IPv6 address 
0x10001DD47	0x00000005	[  5] literal string: tun6
0x10001DD4C	0x00000005	[  5] literal string: Tun6
0x10001DD51	0x00000055	[  5] literal string: Failed to open tun device (you may be lacking permission). Running without network.\n
0x10001DDA6	0x0000001E	[  5] literal string: opened %s device ``/dev/%s''\n
0x10001DDC4	0x00000004	[  5] literal string: tun
0x10001DDC8	0x00000006	[  5] literal string: /dev/
0x10001DDCE	0x00000010	[  5] literal string: tun_input: read
0x10001DDDE	0x00000011	[  5] literal string: ifconfig %s down
0x10001DDEF	0x00000029	[  5] literal string: sysctl -w net.ipv6.conf.all.forwarding=1
0x10001DE18	0x0000004B	[  5] literal string: netstat -nr | awk '{ if ($2 == "%s") print "route delete -net "$1; }' | sh
0x10001DE63	0x0000000B	[  5] literal string: signal %d\n
0x10001DE6E	0x00000018	[  5] literal string: ifconfig %s inet6 %s up
0x10001DE86	0x00000023	[  5] literal string: sysctl -w net.inet.ip.forwarding=1
0x10001DEA9	0x0000000D	[  5] literal string: ifconfig %s\n
0x10001DEB6	0x0000000B	[  5] literal string: fd00::1/64
0x10001DEC1	0x00000015	[  5] literal string: serial_to_tun: write
0x10001DED6	0x00000005	[ 10] literal string: Main
0x10001DEDB	0x00000031	[ 10] literal string: Starting Contiki-NG-release/v4.1-602-g923234b7b\n
0x10001DF0C	0x0000000F	[ 10] literal string: - Routing: %s\n
0x10001DF1B	0x0000000B	[ 10] literal string: - Net: %s\n
0x10001DF26	0x0000000B	[ 10] literal string: - MAC: %s\n
0x10001DF31	0x0000001A	[ 10] literal string: - 802.15.4 PANID: 0x%04x\n
0x10001DF4B	0x00000020	[ 10] literal string: - 802.15.4 Default channel: %u\n
0x10001DF6B	0x0000000D	[ 10] literal string: Node ID: %u\n
0x10001DF78	0x00000015	[ 10] literal string: Link-layer address: 
0x10001DF8D	0x00000024	[ 10] literal string: Tentative link-local IPv6 address: 
0x10001DFB1	0x0000000F	[ 12] literal string: Ctimer process
0x10001DFC0	0x0000000C	[ 14] literal string: Event timer
0x10001DFCC	0x00000004	[ 15] literal string: rpl
0x10001DFD0	0x00000006	[ 15] literal string: tcpip
0x10001DFD6	0x00000005	[ 15] literal string: ipv6
0x10001DFDB	0x00000008	[ 15] literal string: 6lowpan
0x10001DFE3	0x00000008	[ 15] literal string: nullnet
0x10001DFEB	0x00000004	[ 15] literal string: mac
0x10001DFEF	0x00000007	[ 15] literal string: framer
0x10001DFF6	0x00000005	[ 15] literal string: 6top
0x10001DFFB	0x00000005	[ 15] literal string: coap
0x10001E000	0x00000006	[ 15] literal string: lwm2m
0x10001E006	0x00000005	[ 15] literal string: main
0x10001E00B	0x00000003	[ 15] literal string: %s
0x10001E00E	0x00000008	[ 15] literal string: 6A-NULL
0x10001E016	0x00000003	[ 15] literal string: 6M
0x10001E019	0x00000003	[ 15] literal string: 6L
0x10001E01C	0x00000003	[ 15] literal string: 6G
0x10001E01F	0x00000008	[ 15] literal string: %s-%04x
0x10001E027	0x0000000F	[ 15] literal string: (NULL LL addr)
0x10001E036	0x00000002	[ 15] literal string: .
0x10001E038	0x00000005	[ 15] literal string: %02x
0x10001E03D	0x00000008	[ 15] literal string: LL-NULL
0x10001E045	0x00000008	[ 15] literal string: LL-%04x
0x10001E04D	0x00000004	[ 15] literal string: all
0x10001E051	0x00000005	[ 15] literal string: None
0x10001E056	0x00000007	[ 15] literal string: Errors
0x10001E05D	0x00000009	[ 15] literal string: Warnings
0x10001E066	0x00000005	[ 15] literal string: Info
0x10001E06B	0x00000006	[ 15] literal string: Debug
0x10001E071	0x00000004	[ 15] literal string: N/A
0x10001E075	0x00000013	[ 21] literal string: Button HAL process
0x10001E088	0x0000000E	[ 25] literal string: Serial driver
0x10001E096	0x00000008	[ 35] literal string: nullmac
0x10001E09E	0x00000013	[ 36] literal string: Simple UDP process
0x10001E0B1	0x0000000D	[ 37] literal string: TCP/IP stack
0x10001E0BE	0x00000007	[ 37] literal string: TCP/IP
0x10001E0C5	0x00000017	[ 37] literal string: output: Packet too big
0x10001E0DC	0x00000028	[ 37] literal string: output: Destination address unspecified
0x10001E104	0x00000038	[ 37] literal string: output: routing protocol extension header update error\n
0x10001E13C	0x0000001C	[ 37] literal string: output: sending to ourself\n
0x10001E158	0x00000034	[ 37] literal string: output: failed to autofill neighbor cache for host 
0x10001E18C	0x00000013	[ 37] literal string: , link-layer addr 
0x10001E19F	0x00000029	[ 37] literal string: output: failed to add neighbor to cache\n
0x10001E1C8	0x00000014	[ 37] literal string: output: sending to 
0x10001E1DC	0x0000001A	[ 37] literal string: input: received %u bytes\n
0x10001E1F6	0x00000029	[ 37] literal string: output: processing %u bytes packet from 
0x10001E21F	0x00000025	[ 37] literal string: output: selected next hop from SRH: 
0x10001E244	0x00000020	[ 37] literal string: output: destination is on link\n
0x10001E264	0x0000002E	[ 37] literal string: output: no route found, using default route: 
0x10001E292	0x0000001A	[ 37] literal string: output: found dead route\n
0x10001E2AC	0x0000002C	[ 37] literal string: output: found next hop from routing table: 
0x10001E2D8	0x00000033	[ 37] literal string: output: destination off-link and no default route\n
0x10001E30B	0x00000020	[ 37] literal string: output: neighbor not in cache: 
0x10001E32B	0x00000009	[ 38] literal string: IPv6 Nbr
0x10001E334	0x0000001E	[ 38] literal string: Adding neighbor with ip addr 
0x10001E352	0x0000000C	[ 38] literal string:  link addr 
0x10001E35E	0x0000000B	[ 38] literal string:  state %u\n
0x10001E369	0x00000012	[ 38] literal string: Add drop ip addr 
0x10001E37B	0x00000011	[ 38] literal string:  link addr (%p) 
0x10001E38C	0x00000016	[ 38] literal string: %s: invalid argument\n
0x10001E3A2	0x00000016	[ 38] literal string: uip_ds6_nbr_update_ll
0x10001E3B8	0x00000012	[ 38] literal string: %s: new_ll_addr, 
0x10001E3CA	0x00000022	[ 38] literal string: , is already used in another nbr\n
0x10001E3EC	0x00000021	[ 38] literal string: %s: input nbr cannot be removed\n
0x10001E40D	0x0000002F	[ 38] literal string: %s: cannot allocate a new nbr for new_ll_addr\n
0x10001E43C	0x0000000B	[ 39] literal string: IPv6 Route
0x10001E447	0x0000000D	[ 39] literal string: Add default\n
0x10001E454	0x0000002D	[ 39] literal string: Add default: could not add default route to 
0x10001E481	0x00000011	[ 39] literal string: , out of memory\n
0x10001E492	0x00000026	[ 39] literal string: Add default: adding default route to 
0x10001E4B8	0x00000012	[ 39] literal string: Removing default\n
0x10001E4CA	0x0000001B	[ 39] literal string: Default route, IP address 
0x10001E4E5	0x00000021	[ 39] literal string: Default route found, IP address 
0x10001E506	0x0000002C	[ 39] literal string: Default route Incomplete found, IP address 
0x10001E532	0x00000030	[ 39] literal string: Default route periodic: defrt lifetime expired\n
0x10001E562	0x0000004D	[ 39] literal string: uip-ds6-route.c: assert_nbr_routes_list_sane route list is in infinite loop\n
0x10001E5AF	0x00000008	[ 40] literal string: IPv6 DS
0x10001E5B7	0x00000014	[ 40] literal string: Init: %u neighbors\n
0x10001E5CB	0x00000014	[ 40] literal string: %u default routers\n
0x10001E5DF	0x0000000D	[ 40] literal string: %u prefixes\n
0x10001E5EC	0x0000000B	[ 40] literal string: %u routes\n
0x10001E5F7	0x00000016	[ 40] literal string: %u unicast addresses\n
0x10001E60D	0x00000018	[ 40] literal string: %u multicast addresses\n
0x10001E625	0x00000016	[ 40] literal string: %u anycast addresses\n
0x10001E63B	0x0000000F	[ 40] literal string: Adding prefix 
0x10001E64A	0x00000041	[ 40] literal string: length %u, flags %x, Valid lifetime %lx, Preffered lifetime %lx\n
0x10001E68B	0x0000001E	[ 40] literal string: No more space in Prefix list\n
0x10001E6A9	0x00000007	[ 41] literal string: ICMPv6
0x10001E6B0	0x00000031	[ 41] literal string: Sending ICMPv6 ERROR message type %d code %d to 
0x10001E6E1	0x00000007	[ 41] literal string:  from 
0x10001E6E8	0x0000001A	[ 41] literal string: Sending ICMPv6 packet to 
0x10001E702	0x0000001C	[ 41] literal string: , type %u, code %u, len %u\n
0x10001E71E	0x0000001C	[ 41] literal string: Received Echo Request from 
0x10001E73A	0x00000017	[ 41] literal string: Sending Echo Reply to 
0x10001E751	0x0000001A	[ 41] literal string: Received Echo Reply from 
0x10001E76B	0x00000009	[ 42] literal string: IPv6 NDP
0x10001E774	0x00000012	[ 42] literal string: Received NS from 
0x10001E786	0x00000016	[ 42] literal string:  with target address 
0x10001E79C	0x00000014	[ 42] literal string: NS received is bad\n
0x10001E7B0	0x0000001E	[ 42] literal string: ND option not supported in NS
0x10001E7CE	0x0000000F	[ 42] literal string: Sending NA to 
0x10001E7DD	0x00000008	[ 44] literal string: IPv6 SR
0x10001E7E5	0x00000022	[ 44] literal string: NS: no space left for root node!\n
0x10001E807	0x0000001D	[ 44] literal string: NS: no space left for child 
0x10001E824	0x0000001A	[ 44] literal string: NS: updating link, child 
0x10001E83E	0x0000001D	[ 44] literal string: , lifetime %u, num_nodes %u\n
0x10001E85B	0x0000001B	[ 44] literal string: NS: removing expired node 
0x10001E876	0x0000000F	[ 44] literal string:   (DODAG root)
0x10001E885	0x00000006	[ 44] literal string:   to 
0x10001E88B	0x00000019	[ 44] literal string:  (lifetime: %lu seconds)
0x10001E8A4	0x00000016	[ 44] literal string:  (lifetime: infinite)
0x10001E8BA	0x00000005	[ 46] literal string: IPv6
0x10001E8BF	0x0000003F	[ 46] literal string: Cutting ext-header before processing (extlen: %d, uiplen: %d)\n
0x10001E8FE	0x0000002E	[ 46] literal string: ERROR: uip_len too short compared to ext len\n
0x10001E92C	0x00000011	[ 46] literal string: invalid version\n
0x10001E93D	0x0000002B	[ 46] literal string: packet shorter than reported in IP header.
0x10001E968	0x00000016	[ 46] literal string: packet received from 
0x10001E97E	0x0000001F	[ 46] literal string: Dropping packet, src is mcast\n
0x10001E99D	0x00000033	[ 46] literal string: Dropping packet after extension header processing\n
0x10001E9D0	0x00000039	[ 46] literal string: Sending error message after extension header processing\n
0x10001EA09	0x0000001B	[ 46] literal string: Forwarding packet towards 
0x10001EA24	0x00000037	[ 46] literal string: LL source address with off link destination, dropping\n
0x10001EA5B	0x00000039	[ 46] literal string: Dropping packet, not for me and link local or multicast\n
0x10001EA94	0x00000017	[ 46] literal string: Processing hbh header\n
0x10001EAAB	0x00000019	[ 46] literal string: Processing desto header\n
0x10001EAC4	0x0000001B	[ 46] literal string: Processing Routing header\n
0x10001EADF	0x0000001F	[ 46] literal string: Forwarding packet to next hop 
0x10001EAFE	0x0000001A	[ 46] literal string: unrecognized routing type
0x10001EB18	0x00000012	[ 46] literal string: fragment dropped.
0x10001EB2A	0x00000014	[ 46] literal string: unrecognized header
0x10001EB3E	0x00000022	[ 46] literal string: icmpv6 input length %d type: %d \n
0x10001EB60	0x00000015	[ 46] literal string: icmpv6 bad checksum\n
0x10001EB75	0x00000025	[ 46] literal string: Unknown ICMPv6 message type/code %d\n
0x10001EB9A	0x00000016	[ 46] literal string: Receiving UDP packet\n
0x10001EBB0	0x00000021	[ 46] literal string: udp: bad checksum 0x%04x 0x%04x\n
0x10001EBD1	0x00000011	[ 46] literal string: udp: zero port.\n
0x10001EBE2	0x00000023	[ 46] literal string: udp: no matching connection found\n
0x10001EC05	0x0000000E	[ 46] literal string: In udp_found\n
0x10001EC13	0x0000000D	[ 46] literal string: In udp_send\n
0x10001EC20	0x00000024	[ 46] literal string: Sending packet with length %d (%d)\n
0x10001EC44	0x00000027	[ 46] literal string: Upper layer checksum len: %d from: %d\n
0x10001EC6B	0x00000018	[ 46] literal string: Processing PAD1 option\n
0x10001EC83	0x00000018	[ 46] literal string: Processing PADN option\n
0x10001EC9B	0x00000023	[ 46] literal string: RPL Option Error: Dropping Packet\n
0x10001ECBE	0x00000008	[ 46] literal string: MSB %x\n
0x10001ECC6	0x0000000F	[ 48] literal string: (NULL IP addr)
0x10001ECD5	0x00000013	[ 48] literal string: ::FFFF:%u.%u.%u.%u
0x10001ECE8	0x00000003	[ 48] literal string: ::
0x10001ECEB	0x00000002	[ 48] literal string: :
0x10001ECED	0x00000003	[ 48] literal string: %x
0x10001ECF0	0x00000027	[ 49] literal string: links: %u routing links in total (%s)\n
0x10001ED17	0x0000000B	[ 49] literal string: links: %s\n
0x10001ED22	0x00000014	[ 49] literal string: links: end of list\n
0x10001ED36	0x00000012	[ 49] literal string: No routing links\n
0x10001ED48	0x00000017	[ 49] literal string: created a new RPL DAG\n
0x10001ED5F	0x00000020	[ 49] literal string: failed to create a new RPL DAG\n
0x10001ED7F	0x00000011	[ 49] literal string: IPv6 addresses:\n
0x10001ED90	0x00000004	[ 49] literal string: -- 
0x10001ED94	0x0000000C	[ 50] literal string: initialized
0x10001EDA0	0x00000007	[ 50] literal string: joined
0x10001EDA7	0x0000000A	[ 50] literal string: reachable
0x10001EDB1	0x0000000A	[ 50] literal string: poisoning
0x10001EDBB	0x00000008	[ 50] literal string: unknown
0x10001EDC3	0x0000000D	[ 50] literal string: leaving DAG 
0x10001EDD0	0x0000000F	[ 50] literal string: , instance %u\n
0x10001EDDF	0x0000001F	[ 50] literal string: DAG expired, poison and leave\n
0x10001EDFE	0x0000003A	[ 50] literal string: DAG expiring in %u seconds, send DIS to preferred parent\n
0x10001EE38	0x00000023	[ 50] literal string: incremented DTSN (%s), current %u\n
0x10001EE5B	0x00000018	[ 50] literal string: Refresh routes (before)
0x10001EE73	0x00000034	[ 50] literal string: initiating global repair (%s), version %u, rank %u\n
0x10001EEA7	0x00000017	[ 50] literal string: Global repair (before)
0x10001EEBE	0x0000000E	[ 50] literal string: Global repair
0x10001EECC	0x00000013	[ 50] literal string: local repair (%s)\n
0x10001EEDF	0x0000000D	[ 50] literal string: Local repair
0x10001EEEC	0x00000025	[ 50] literal string: poisoning and leaving after a delay\n
0x10001EF11	0x0000000E	[ 50] literal string: Poison routes
0x10001EF1F	0x00000020	[ 50] literal string: significant rank update %u->%u\n
0x10001EF3F	0x00000018	[ 50] literal string: Significant rank update
0x10001EF57	0x0000000B	[ 50] literal string: Got parent
0x10001EF62	0x0000000F	[ 50] literal string: found parent: 
0x10001EF71	0x00000012	[ 50] literal string: , staying in DAG\n
0x10001EF83	0x00000046	[ 50] literal string: no parent, scheduling periodic DIS, will leave if no parent is found\n
0x10001EFC9	0x0000000E	[ 50] literal string: Parent switch
0x10001EFD7	0x00000014	[ 50] literal string: failed to init DAG\n
0x10001EFEB	0x0000000E	[ 50] literal string: Multicast DIS
0x10001EFF9	0x0000001E	[ 50] literal string: unicast DIS, reply to sender\n
0x10001F017	0x00000004	[ 50] literal string: ERR
0x10001F01B	0x00000024	[ 50] literal string: failed to add link on incoming DAO\n
0x10001F03F	0x0000000A	[ 50] literal string: Reachable
0x10001F049	0x0000003E	[ 50] literal string: DAO-NACK received with seqno %u, status %u, poison and leave\n
0x10001F087	0x0000000A	[ 50] literal string: Init root
0x10001F091	0x00000029	[ 50] literal string: created DAG with instance ID %u, DAG ID 
0x10001F0BA	0x0000000B	[ 50] literal string: , rank %u\n
0x10001F0C5	0x0000002A	[ 50] literal string: ignoring DIO with an unsupported MOP: %d\n
0x10001F0EF	0x0000001A	[ 50] literal string: failed to initialize DAG\n
0x10001F109	0x00000005	[ 50] literal string: Join
0x10001F10E	0x0000002D	[ 50] literal string: initialized DAG with instance ID %u, DAG ID 
0x10001F13B	0x0000000A	[ 50] literal string: , prexix 
0x10001F145	0x0000000E	[ 50] literal string: /%u, rank %u\n
0x10001F153	0x00000037	[ 50] literal string: just joined, no parent yet, setting timer for leaving\n
0x10001F18A	0x0000001C	[ 50] literal string: Heard old version from root
0x10001F1A6	0x0000004E	[ 50] literal string: inconsistent DIO version (current: %u, received: %u), initiate global repair\n
0x10001F1F4	0x00000019	[ 50] literal string: Inconsistent DIO version
0x10001F20D	0x00000042	[ 50] literal string: new DIO version (current: %u, received: %u), apply global repair\n
0x10001F24F	0x0000001F	[ 50] literal string: IPv6 cache full, dropping DIO\n
0x10001F26E	0x00000023	[ 50] literal string: neighbor table full, dropping DIO\n
0x10001F291	0x00000015	[ 50] literal string: refreshing lifetime\n
0x10001F2A6	0x00000036	[ 50] literal string: DTSN increment %u->%u, schedule new DAO with DTSN %u\n
0x10001F2DC	0x00000035	[ 50] literal string: participating in global repair, version %u, rank %u\n
0x10001F311	0x00000018	[ 50] literal string: failed to add neighbor\n
0x10001F329	0x00000029	[ 50] literal string: ignoring DIO with an unsupported OF: %u\n
0x10001F352	0x00000016	[ 50] literal string: failed to set prefix\n
0x10001F368	0x00000004	[ 51] literal string: DBG
0x10001F36C	0x0000000E	[ 51] literal string: no SRH found\n
0x10001F37A	0x0000000F	[ 51] literal string: SRH not found\n
0x10001F389	0x00000056	[ 51] literal string: read SRH, path len %u, segments left %u, Cmpri %u, Cmpre %u, ext len %u (padding %u)\n
0x10001F3DF	0x0000000E	[ 51] literal string: SRH next hop 
0x10001F3ED	0x0000003F	[ 51] literal string: hop-by-hop extension header has wrong size or type (%u %u %u)\n
0x10001F42C	0x00000016	[ 51] literal string: unknown instance: %u\n
0x10001F442	0x00000010	[ 51] literal string: forward error!\n
0x10001F452	0x00000016	[ 51] literal string: ext hdr: packet from 
0x10001F468	0x00000005	[ 51] literal string:  to 
0x10001F46D	0x00000048	[ 51] literal string:  going %s, sender closer %d (%d < %d), rank error %u, loop detected %u\n
0x10001F4B5	0x00000005	[ 51] literal string: down
0x10001F4BA	0x00000003	[ 51] literal string: up
0x10001F4BD	0x00000031	[ 51] literal string: removing RPL extension header (type %u, len %u)\n
0x10001F4EE	0x00000035	[ 51] literal string: SRH creating source routing header with destination 
0x10001F523	0x00000003	[ 51] literal string:  \n
0x10001F526	0x00000034	[ 51] literal string: SRH destination not in our DAG, skip SRH insertion\n
0x10001F55A	0x00000028	[ 51] literal string: SRH node not found, skip SRH insertion\n
0x10001F582	0x00000019	[ 51] literal string: SRH root node not found\n
0x10001F59B	0x00000022	[ 51] literal string: SRH no path found to destination\n
0x10001F5BD	0x00000009	[ 51] literal string: SRH Hop 
0x10001F5C6	0x00000041	[ 51] literal string: SRH path len: %u, ComprI %u, ComprE %u, ext len %u (padding %u)\n
0x10001F607	0x00000045	[ 51] literal string: packet too long: impossible to add source routing header (%u bytes)\n
0x10001F64C	0x0000001C	[ 51] literal string: creating hop-by-hop option\n
0x10001F668	0x00000036	[ 51] literal string: packet too long: impossible to add hop-by-hop option\n
0x10001F69E	0x00000034	[ 51] literal string: hop-by-hop extension header has wrong size (%u %u)\n
0x10001F6D2	0x00000046	[ 51] literal string: unable to add/update hop-by-hop extension header: incorrect instance\n
0x10001F718	0x00000021	[ 52] literal string: could not add neighbor to cache 
0x10001F739	0x00000003	[ 52] literal string: , 
0x10001F73C	0x00000012	[ 52] literal string: sending a DIS to 
0x10001F74E	0x0000003A	[ 52] literal string: unable to send DIO because of unsupported DAG MC type %u\n
0x10001F788	0x00000022	[ 52] literal string: sending a %s-DIO with rank %u to 
0x10001F7AA	0x00000008	[ 52] literal string: unicast
0x10001F7B2	0x0000000A	[ 52] literal string: multicast
0x10001F7BC	0x0000003C	[ 52] literal string: rpl_icmp6_dao_output: not in an instance, skip sending DAO\n
0x10001F7F8	0x0000003D	[ 52] literal string: rpl_icmp6_dao_output: no preferred parent, skip sending DAO\n
0x10001F835	0x00000058	[ 52] literal string: rpl_icmp6_dao_output: node not ready to send a DAO (prefix %p, parent addr %p, mop %u)\n
0x10001F88D	0x0000003C	[ 52] literal string: sending a %sDAO seqno %u, tx count %u, lifetime %u, prefix 
0x10001F8C9	0x00000009	[ 52] literal string: No-path 
0x10001F8D2	0x00000001	[ 52] literal string: 
0x10001F8D3	0x0000000A	[ 52] literal string: , parent 
0x10001F8DD	0x0000001E	[ 52] literal string: sending a DAO-%s seqno %d to 
0x10001F8FB	0x00000004	[ 52] literal string: ACK
0x10001F8FF	0x00000005	[ 52] literal string: NACK
0x10001F904	0x00000011	[ 52] literal string:  with status %d\n
0x10001F915	0x0000002C	[ 52] literal string: dis_input: not in an instance yet, discard\n
0x10001F941	0x00000015	[ 52] literal string: received a DIS from 
0x10001F956	0x00000026	[ 52] literal string: dio_input: malformed packet, discard\n
0x10001F97C	0x0000002C	[ 52] literal string: dio_input: invalid DAG MC, len %u, discard\n
0x10001F9A8	0x00000030	[ 52] literal string: dio_input: unsupported DAG MC type %u, discard\n
0x10001F9D8	0x0000003F	[ 52] literal string: dio_input: invalid destination prefix option, len %u, discard\n
0x10001FA17	0x00000037	[ 52] literal string: dio_input: invalid route info option, len %u, discard\n
0x10001FA4E	0x0000003E	[ 52] literal string: dio_input: invalid DAG configuration option, len %u, discard\n
0x10001FA8C	0x00000035	[ 52] literal string: dio_input: invalid DAG prefix info, len %u, discard\n
0x10001FAC1	0x0000003B	[ 52] literal string: dio_input: unsupported suboption type in DIO: %u, discard\n
0x10001FAFC	0x00000018	[ 52] literal string: received a %s-DIO from 
0x10001FB14	0x0000001A	[ 52] literal string: , instance_id %u, DAG ID 
0x10001FB2E	0x00000020	[ 52] literal string: , version %u, dtsn %u, rank %u\n
0x10001FB4E	0x0000002D	[ 52] literal string: dao_input: unknown RPL instance %u, discard\n
0x10001FB7B	0x0000001D	[ 52] literal string: dao_input: different DAG ID 
0x10001FB98	0x0000000B	[ 52] literal string: , discard\n
0x10001FBA3	0x00000017	[ 52] literal string: received a %sDAO from 
0x10001FBBA	0x00000021	[ 52] literal string: , seqno %u, lifetime %u, prefix 
0x10001FBDB	0x0000001C	[ 52] literal string: , prefix length %u, parent 
0x10001FBF7	0x0000002A	[ 52] literal string: dao_ack_input: unknown instance, discard\n
0x10001FC21	0x0000003C	[ 52] literal string: received a DAO-%s with seqno %d (%d %d) and status %d from 
0x10001FC5D	0x0000000D	[ 53] literal string: reset MRHOF\n
0x10001FC6A	0x0000002A	[ 54] literal string: nbr-policy: did not find instance id: %d\n
0x10001FC94	0x00000038	[ 54] literal string: nbr-policy: DIO rank %u, worst_rank %u -- add to cache\n
0x10001FCCC	0x0000003F	[ 54] literal string: nbr-policy: DIO rank %u, worst_rank %u -- do not add to cache\n
0x10001FD0B	0x00000023	[ 54] literal string: nbr-policy: free: %d, parents: %d\n
0x10001FD2E	0x00000022	[ 55] literal string: %5u, %5u => %5u -- %2u %c%c%c%c%c
0x10001FD50	0x00000015	[ 55] literal string:  (last tx %u min ago
0x10001FD65	0x00000008	[ 55] literal string:  (no tx
0x10001FD6D	0x00000017	[ 55] literal string: , better since %u min)
0x10001FD84	0x00000002	[ 55] literal string: )
0x10001FD86	0x00000016	[ 55] literal string: nbr: own state, addr 
0x10001FD9C	0x00000052	[ 55] literal string: , DAG state: %s, MOP %u OCP %u rank %u max-rank %u, dioint %u, nbr count %u (%s)\n
0x10001FDEE	0x00000009	[ 55] literal string: nbr: %s\n
0x10001FDF7	0x00000012	[ 55] literal string: nbr: end of list\n
0x10001FE09	0x00000010	[ 55] literal string: parent switch: 
0x10001FE19	0x00000005	[ 55] literal string:  -> 
0x10001FE1E	0x00000018	[ 55] literal string: removing all neighbors\n
0x10001FE36	0x00000036	[ 55] literal string: best parent is not fresh, schedule urgent probing to 
0x10001FE6C	0x00000016	[ 56] literal string: reset DIO timer (%s)\n
0x10001FE82	0x0000000C	[ 56] literal string: DAO max rtx
0x10001FE8E	0x00000009	[ 56] literal string: probing 
0x10001FE97	0x00000018	[ 56] literal string:  %s last tx %u min ago\n
0x10001FEAF	0x00000009	[ 56] literal string: (urgent)
0x10001FEB8	0x0000001B	[ 56] literal string: no neighbor needs probing\n
0x10001FED3	0x00000009	[ 56] literal string: Periodic
0x10001FEDC	0x00000004	[ 57] literal string: RPL
0x10001FEE0	0x00000010	[ 57] literal string: packet sent to 
0x10001FEF0	0x00000028	[ 57] literal string: , status %u, tx %u, new link metric %u\n
0x10001FF18	0x0000001C	[ 57] literal string: removing global IP address 
0x10001FF34	0x00000005	[ 57] literal string: WARN
0x10001FF39	0x0000002F	[ 57] literal string: prefix not included, not-supported or invalid\n
0x10001FF68	0x0000001A	[ 57] literal string: adding global IP address 
0x10001FF82	0x00000009	[ 57] literal string: RPL Lite
0x10001FF8B	0x0000000E	[ 57] literal string: initializing\n
0x10001FF9A	0x00000001	[  4] _button_hal_button_count
0x10001FF9C	0x00000008	[ 31] _linkaddr_null
0x10001FFA4	0x00000054	[  0] compact unwind info
0x100020000	0x00000008	[  0] non-lazy-pointer-to-local: ___darwin_check_fd_set_overflow
0x100020008	0x00000008	[  0] non-lazy-pointer-to-local: ___stack_chk_guard
0x100020010	0x00000008	[  0] non-lazy-pointer-to-local: ___stderrp
0x100020018	0x00000008	[  0] non-lazy-pointer-to-local: ___stdoutp
0x100020020	0x00000008	[  0] non-lazy-pointer-to-local: _autostart_processes
0x100020028	0x00000008	[  0] non-lazy-pointer-to-local: _button_hal_button_count
0x100020030	0x00000008	[  0] non-lazy-pointer-to-local: _button_hal_buttons
0x100020038	0x00000008	[  0] non-lazy-pointer-to-local: _button_hal_periodic_event
0x100020040	0x00000008	[  0] non-lazy-pointer-to-local: _button_hal_press_event
0x100020048	0x00000008	[  0] non-lazy-pointer-to-local: _button_hal_release_event
0x100020050	0x00000008	[  0] non-lazy-pointer-to-local: _contiki_argv
0x100020058	0x00000008	[  0] non-lazy-pointer-to-local: _curr_instance
0x100020060	0x00000008	[  0] non-lazy-pointer-to-local: _curr_log_level_ipv6
0x100020068	0x00000008	[  0] non-lazy-pointer-to-local: _curr_log_level_main
0x100020070	0x00000008	[  0] non-lazy-pointer-to-local: _curr_log_level_rpl
0x100020078	0x00000008	[  0] non-lazy-pointer-to-local: _curr_log_level_tcpip
0x100020080	0x00000008	[  0] non-lazy-pointer-to-local: _ds6_neighbors
0x100020088	0x00000008	[  0] non-lazy-pointer-to-local: _etimer_process
0x100020090	0x00000008	[  0] non-lazy-pointer-to-local: _linkaddr_node_addr
0x100020098	0x00000008	[  0] non-lazy-pointer-to-local: _linkaddr_null
0x1000200A0	0x00000008	[  0] non-lazy-pointer-to-local: _node_id
0x1000200A8	0x00000008	[  0] non-lazy-pointer-to-local: _nullmac_driver
0x1000200B0	0x00000008	[  0] non-lazy-pointer-to-local: _nullradio_driver
0x1000200B8	0x00000008	[  0] non-lazy-pointer-to-local: _packetbuf_addrs
0x1000200C0	0x00000008	[  0] non-lazy-pointer-to-local: _packetbuf_attrs
0x1000200C8	0x00000008	[  0] non-lazy-pointer-to-local: _periodic_timer
0x1000200D0	0x00000008	[  0] non-lazy-pointer-to-local: _process_current
0x1000200D8	0x00000008	[  0] non-lazy-pointer-to-local: _rpl_lite_driver
0x1000200E0	0x00000008	[  0] non-lazy-pointer-to-local: _rpl_multicast_addr
0x1000200E8	0x00000008	[  0] non-lazy-pointer-to-local: _rpl_neighbors
0x1000200F0	0x00000008	[  0] non-lazy-pointer-to-local: _serial_line_event_message
0x1000200F8	0x00000008	[  0] non-lazy-pointer-to-local: _tcpip_event
0x100020100	0x00000008	[  0] non-lazy-pointer-to-local: _tcpip_process
0x100020108	0x00000008	[  0] non-lazy-pointer-to-local: _tun6_net_driver
0x100020110	0x00000008	[  0] non-lazy-pointer-to-local: _uip_aligned_buf
0x100020118	0x00000008	[  0] non-lazy-pointer-to-local: _uip_appdata
0x100020120	0x00000008	[  0] non-lazy-pointer-to-local: _uip_conn
0x100020128	0x00000008	[  0] non-lazy-pointer-to-local: _uip_ds6_addr_size
0x100020130	0x00000008	[  0] non-lazy-pointer-to-local: _uip_ds6_if
0x100020138	0x00000008	[  0] non-lazy-pointer-to-local: _uip_ds6_netif_addr_list_offset
0x100020140	0x00000008	[  0] non-lazy-pointer-to-local: _uip_ds6_prefix_list
0x100020148	0x00000008	[  0] non-lazy-pointer-to-local: _uip_ds6_timer_periodic
0x100020150	0x00000008	[  0] non-lazy-pointer-to-local: _uip_ext_len
0x100020158	0x00000008	[  0] non-lazy-pointer-to-local: _uip_flags
0x100020160	0x00000008	[  0] non-lazy-pointer-to-local: _uip_len
0x100020168	0x00000008	[  0] non-lazy-pointer-to-local: _uip_lladdr
0x100020170	0x00000008	[  0] non-lazy-pointer-to-local: _uip_next_hdr
0x100020178	0x00000008	[  0] non-lazy-pointer-to-local: _uip_sappdata
0x100020180	0x00000008	[  0] non-lazy-pointer-to-local: _uip_slen
0x100020188	0x00000008	[  0] non-lazy-pointer-to-local: _uip_udp_conn
0x100020190	0x00000008	[  0] non-lazy-pointer-to-local: _uip_udp_conns
0x100020198	0x00000008	[  0] non-lazy-pointer-to-local: dyld_stub_binder
0x1000201A0	0x00000010	[  1] _autostart_processes
0x1000201B0	0x00000010	[  2] _stdin_fd
0x1000201C0	0x00000020	[  5] _tun6_net_driver
0x1000201E0	0x00000010	[  5] _tun_select_callback
0x1000201F0	0x00000070	[ 24] _nullradio_driver
0x100020260	0x00000030	[ 35] _nullmac_driver
0x100020290	0x00000008	[ 50] _objective_functions
0x100020298	0x000000A0	[ 57] _rpl_lite_driver
0x100024000	0x00000008	[ 58] ___darwin_check_fd_set_overflow
0x100024008	0x00000008	[ 58] ___error
0x100024010	0x00000008	[ 58] ___memcpy_chk
0x100024018	0x00000008	[ 58] ___memmove_chk
0x100024020	0x00000008	[ 58] ___memset_chk
0x100024028	0x00000008	[ 58] ___snprintf_chk
0x100024030	0x00000008	[ 58] ___stack_chk_fail
0x100024038	0x00000008	[ 58] ___strcpy_chk
0x100024040	0x00000008	[ 58] ___strncat_chk
0x100024048	0x00000008	[ 58] ___vsnprintf_chk
0x100024050	0x00000008	[ 58] _atexit
0x100024058	0x00000008	[ 58] _clock_gettime
0x100024060	0x00000008	[ 58] _err
0x100024068	0x00000008	[ 58] _exit
0x100024070	0x00000008	[ 58] _fflush
0x100024078	0x00000008	[ 58] _fprintf
0x100024080	0x00000008	[ 58] _memcmp
0x100024088	0x00000008	[ 58] _memset
0x100024090	0x00000008	[ 58] _open
0x100024098	0x00000008	[ 58] _perror
0x1000240A0	0x00000008	[ 58] _printf
0x1000240A8	0x00000008	[ 58] _rand
0x1000240B0	0x00000008	[ 58] _read
0x1000240B8	0x00000008	[ 58] _select$1050
0x1000240C0	0x00000008	[ 58] _setitimer
0x1000240C8	0x00000008	[ 58] _setvbuf
0x1000240D0	0x00000008	[ 58] _signal
0x1000240D8	0x00000008	[ 58] _srand
0x1000240E0	0x00000008	[ 58] _strcmp
0x1000240E8	0x00000008	[ 58] _system
0x1000240F0	0x00000008	[ 58] _write
0x100024100	0x00000008	[  0] __dyld_private
0x100024108	0x00000020	[  1] _udp_client_process
0x100024128	0x00000008	[  2] _mac_addr
0x100024130	0x00000040	[  5] _config_tundev
0x100024170	0x00000008	[  5] _tunfd
0x100024178	0x00000008	[  5] _config_ipaddr
0x100024180	0x00000020	[ 12] _ctimer_process
0x1000241A0	0x00000008	[ 12] _ctimer_list
0x1000241A8	0x00000020	[ 14] _etimer_process
0x1000241D0	0x00000010	[ 15] _curr_log_level_main
0x1000241E0	0x00000120	[ 15] _all_modules
0x100024300	0x00000020	[ 21] _button_hal_process
0x100024320	0x00000008	[ 22] _handlers
0x100024328	0x00000020	[ 25] _serial_line_process
0x100024348	0x00000008	[ 30] _link_stats
0x100024350	0x00000018	[ 30] _link_stats_struct
0x100024368	0x00000008	[ 32] _nbr_table_keys
0x100024370	0x00000018	[ 32] _neighbor_addr_mem
0x100024388	0x00000008	[ 33] _ip_processor_list
0x100024390	0x00000008	[ 34] _packetbuf
0x100024398	0x00000020	[ 36] _simple_udp_process
0x1000243B8	0x00000020	[ 37] _tcpip_process
0x1000243D8	0x00000018	[ 38] _ds6_neighbors_struct
0x1000243F0	0x00000008	[ 38] _ds6_neighbors
0x1000243F8	0x00000018	[ 39] _defaultroutermemb
0x100024410	0x00000008	[ 39] _defaultrouterlist
0x100024418	0x00000008	[ 41] _input_handler_list
0x100024420	0x00000008	[ 41] _echo_reply_callback_list
0x100024428	0x00000018	[ 41] _echo_request_handler
0x100024440	0x00000018	[ 41] _echo_reply_handler
0x100024458	0x00000018	[ 42] _ns_input_handler
0x100024470	0x00000018	[ 43] _packets_memb
0x100024488	0x00000008	[ 44] _nodelist
0x100024490	0x00000018	[ 44] _nodememb
0x1000244A8	0x00000018	[ 52] _dis_handler
0x1000244C0	0x00000018	[ 52] _dio_handler
0x1000244D8	0x00000018	[ 52] _dao_handler
0x1000244F0	0x00000018	[ 52] _dao_ack_handler
0x100024508	0x00000048	[ 53] _rpl_mrhof
0x100024550	0x00000018	[ 55] _rpl_neighbors_struct
0x100024568	0x00000008	[ 55] _rpl_neighbors
0x100024570	0x00000020	[  1] _process_thread_udp_client_process.periodic_timer
0x100024590	0x00000008	[  1] _process_thread_udp_client_process.count
0x100024598	0x00000038	[  1] _udp_conn
0x1000245D0	0x00000040	[  2] _select_callback
0x100024610	0x00000004	[  2] _select_max
0x100024614	0x00000014	[  2] _set_global_address.ipaddr
0x100024628	0x00000008	[  2] _set_global_address.prefix
0x100024630	0x00000004	[  8] _stat
0x100024640	0x00000080	[  9] _pin_cfg
0x1000246C0	0x00000020	[  9] _pin_state
0x1000246E0	0x00000008	[ 12] _initialized
0x1000246E8	0x00000008	[ 12] _ctimer_list_list
0x1000246F0	0x00000008	[ 14] _timerlist
0x1000246F8	0x00000008	[ 14] _next_expiration
0x100024700	0x00000001	[ 17] _lastevent
0x100024701	0x00000001	[ 17] _fevent
0x100024702	0x00000001	[ 17] _nevents
0x100024703	0x0000000D	[ 17] _poll_requested
0x100024710	0x00000300	[ 17] _events
0x100024A10	0x00000008	[ 18] _next_rtimer
0x100024A18	0x00000018	[ 21] _button_event_handler
0x100024A30	0x00000004	[ 21] _pmask
0x100024A38	0x00000008	[ 22] _handlers_list
0x100024A40	0x00000008	[ 23] _leds_arch_leds
0x100024A50	0x00000008	[ 25] _serial_line_input_byte.overflow
0x100024A58	0x00000018	[ 25] _rxbuf
0x100024A70	0x00000080	[ 25] _rxbuf_data
0x100024AF0	0x00000080	[ 25] _process_thread_serial_line_process.buf
0x100024B70	0x00000004	[ 25] _process_thread_serial_line_process.ptr
0x100024B80	0x000012C0	[ 30] __link_stats_mem
0x100025E40	0x00000010	[ 32] _num_tables
0x100025E50	0x00000040	[ 32] _all_tables
0x100025E90	0x00000130	[ 32] _used_map
0x100025FC0	0x00000130	[ 32] _locked_map
0x1000260F0	0x00000010	[ 32] _nbr_table_keys_list
0x100026100	0x00000130	[ 32] _neighbor_addr_mem_memb_count
0x100026230	0x000012C0	[ 32] _neighbor_addr_mem_memb_mem
0x1000274F0	0x00000008	[ 33] _ip_processor_list_list
0x100027500	0x00000002	[ 34] _bufptr
0x100027502	0x00000002	[ 34] _buflen
0x100027504	0x0000000C	[ 34] _hdrlen
0x100027510	0x00000080	[ 34] _packetbuf_aligned
0x100027590	0x00000010	[ 36] _started
0x1000275A0	0x00000500	[ 36] _databuffer
0x100027AA0	0x00000020	[ 37] _periodic
0x100027AC0	0x00002580	[ 38] __ds6_neighbors_mem
0x10002A040	0x00000010	[ 39] _defaultroutermemb_memb_count
0x10002A050	0x00000060	[ 39] _defaultroutermemb_memb_mem
0x10002A0B0	0x00000008	[ 39] _defaultrouterlist_list
0x10002A0B8	0x00000010	[ 40] _loc_fipaddr
0x10002A0C8	0x00000008	[ 40] _locaddr
0x10002A0D0	0x00000008	[ 40] _locprefix
0x10002A0D8	0x00000008	[ 40] _locmaddr
0x10002A0E0	0x00000008	[ 40] _locaaddr
0x10002A0E8	0x00000010	[ 41] _tmp_ipaddr
0x10002A0F8	0x00000008	[ 41] _input_handler_list_list
0x10002A100	0x00000008	[ 41] _echo_reply_callback_list_list
0x10002A108	0x00000008	[ 42] _nd6_opt_llao
0x10002A110	0x00000008	[ 42] _nd6_opt_offset
0x10002A118	0x00000008	[ 42] _nbr
0x10002A120	0x00000008	[ 42] _addr
0x10002A130	0x00000010	[ 43] _packets_memb_memb_count
0x10002A140	0x00000AB0	[ 43] _packets_memb_memb_mem
0x10002ABF0	0x00000008	[ 44] _num_nodes
0x10002ABF8	0x00000008	[ 44] _nodelist_list
0x10002AC00	0x00000130	[ 44] _nodememb_memb_count
0x10002AD30	0x00002EE0	[ 44] _nodememb_memb_mem
0x10002DC10	0x00000002	[ 46] _lastport
0x10002DC12	0x0000000C	[ 47] _uipbuf_attrs
0x10002DC1E	0x00000002	[ 49] _rpl_dag_root_set_prefix.initialized
0x10002DC20	0x00000010	[ 49] _set_global_address.root_ipaddr
0x10002DC30	0x00000008	[ 54] _worst_rank
0x10002DC38	0x00000008	[ 54] _worst_rank_nbr_lladdr
0x10002DC40	0x00000004	[ 54] _num_parents
0x10002DC44	0x00000004	[ 54] _num_free
0x10002DC50	0x000012C0	[ 55] __rpl_neighbors_mem
0x10002EF10	0x00000040	[ 56] _dis_timer
0x10002EF50	0x00000040	[ 56] _periodic_timer
0x10002EF90	0x00000001	[ 57] _rpl_leaf_only
0x10002EFA0	0x00000004	[  2] _contiki_argc
0x10002EFA8	0x00000008	[  4] _button_hal_buttons
0x10002EFB0	0x00000004	[ 15] _curr_log_level_rpl
0x10002EFB4	0x00000004	[ 15] _curr_log_level_tcpip
0x10002EFB8	0x00000004	[ 15] _curr_log_level_ipv6
0x10002EFBC	0x00000004	[ 15] _curr_log_level_6lowpan
0x10002EFC0	0x00000004	[ 15] _curr_log_level_nullnet
0x10002EFC4	0x00000004	[ 15] _curr_log_level_mac
0x10002EFC8	0x00000004	[ 15] _curr_log_level_framer
0x10002EFCC	0x00000004	[ 15] _curr_log_level_6top
0x10002EFD0	0x00000004	[ 15] _curr_log_level_coap
0x10002EFD4	0x00000004	[ 15] _curr_log_level_lwm2m
0x10002EFD8	0x00000002	[ 16] _node_id
0x10002EFE0	0x00000008	[ 17] _process_list
0x10002EFE8	0x00000008	[ 17] _process_current
0x10002EFF0	0x00000001	[ 46] _uip_ext_bitmap
0x10002EFF1	0x00000001	[ 46] _uip_ext_len
0x10002EFF2	0x00000001	[ 46] _uip_ext_opt_offset
0x10002EFF8	0x00000008	[  2] _contiki_argv
0x10002F000	0x00000028	[ 10] _default_common
0x10002F028	0x00000028	[ 10] _eb_per_time_source
0x10002F050	0x00000028	[ 10] _unicast_per_neighbor_rpl_ns
0x10002F078	0x00000028	[ 10] _unicast_per_neighbor_rpl_storing
0x10002F0A0	0x00000001	[ 21] _button_hal_periodic_event
0x10002F0A1	0x00000001	[ 21] _button_hal_press_event
0x10002F0A2	0x00000001	[ 21] _button_hal_release_event
0x10002F0A3	0x00000001	[ 25] _serial_line_event_message
0x10002F0A8	0x00000040	[ 30] _periodic_timer
0x10002F0E8	0x00000008	[ 31] _linkaddr_node_addr
0x10002F0F0	0x00000010	[ 34] _packetbuf_addrs
0x10002F100	0x0000001A	[ 34] _packetbuf_attrs
0x10002F11A	0x00000001	[ 37] _tcpip_event
0x10002F11B	0x00000001	[ 40] _uip_ds6_addr_size
0x10002F120	0x00000110	[ 40] _uip_ds6_if
0x10002F230	0x00000001	[ 40] _uip_ds6_netif_addr_list_offset
0x10002F240	0x00000060	[ 40] _uip_ds6_prefix_list
0x10002F2A0	0x00000020	[ 40] _uip_ds6_timer_periodic
0x10002F2C0	0x00000010	[ 40] _uip_ds6_timer_ra
0x10002F2D0	0x00000500	[ 46] _uip_aligned_buf
0x10002F7D0	0x00000008	[ 46] _uip_appdata
0x10002F7D8	0x00000008	[ 46] _uip_conn
0x10002F7E0	0x00000001	[ 46] _uip_flags
0x10002F7E2	0x00000002	[ 46] _uip_len
0x10002F7E8	0x00000008	[ 46] _uip_lladdr
0x10002F7F0	0x00000008	[ 46] _uip_next_hdr
0x10002F7F8	0x00000008	[ 46] _uip_sappdata
0x10002F800	0x00000002	[ 46] _uip_slen
0x10002F808	0x00000008	[ 46] _uip_udp_conn
0x10002F810	0x00000140	[ 46] _uip_udp_conns
0x10002F950	0x00000260	[ 50] _curr_instance
0x10002FBB0	0x00000010	[ 57] _rpl_multicast_addr
